[127.0.0.1/wordpress/index.html]
[backblue.gif]
[fade.gif]
[index.html]
[127.0.0.1/wordpress/wp-includes/css/dist/block-library/style.minf658.css]
[127.0.0.1/wordpress/wp-content/plugins/elementor/assets/lib/eicons/css/elementor-icons.minb683.css]
[127.0.0.1/wordpress/feed/index.html]
[127.0.0.1/wordpress/wp-content/plugins/elementor/assets/css/frontend.minedb1.css]
[127.0.0.1/wordpress/wp-content/plugins/elementor/assets/lib/eicons/fonts/eicons0b93.eot]
[127.0.0.1/wordpress/wp-content/uploads/elementor/css/post-118980676.css]
[127.0.0.1/wordpress/comments/feed/index.html]
[127.0.0.1/wordpress/wp-content/uploads/elementor/css/global0676.css]
[127.0.0.1/wordpress/wp-content/uploads/elementor/css/post-87540676.css]
[127.0.0.1/wordpress/wp-content/themes/rife-free/js/light-gallery/css/lg-transitions.min8162.css]
[127.0.0.1/wordpress/wp-content/themes/rife-free/js/light-gallery/css/lightgallery.min8162.css]
[127.0.0.1/wordpress/wp-content/plugins/elementor/assets/lib/font-awesome/css/font-awesome.min1849.css]
[127.0.0.1/wordpress/wp-content/themes/rife-free/css/icomoon164b.css]
[127.0.0.1/wordpress/wp-content/themes/rife-free/style164b.css]
[127.0.0.1/wordpress/wp-content/uploads/apollo13_framework_files/css/user69bb.css]
[127.0.0.1/wordpress/wp-content/plugins/elementor/assets/lib/font-awesome/css/all.minedb1.css]
[127.0.0.1/wordpress/wp-content/plugins/elementor/assets/lib/font-awesome/css/v4-shims.minedb1.css]
[127.0.0.1/wordpress/wp-content/plugins/elementor/assets/lib/font-awesome/css/fontawesome.min52d5.css]
[127.0.0.1/wordpress/wp-content/plugins/elementor/assets/lib/font-awesome/css/solid.min52d5.css]
[127.0.0.1/wordpress/wp-includes/js/jquery/jquery-migrate.mind617.js]
[127.0.0.1/wordpress/wp-content/plugins/elementor/assets/lib/font-awesome/js/v4-shims.minedb1.js]
[127.0.0.1/wordpress/wp-json/index.html]
[127.0.0.1/wordpress/wp-json/wp/v2/pages/8754.json]
[127.0.0.1/wordpress/wp-includes/js/jquery/jquery.minaf6c.js]
[127.0.0.1/wordpress/xmlrpc0db0.php]
[127.0.0.1/wordpress/wp-includes/wlwmanifest.xml]
[127.0.0.1/wordpress/wp-json/oembed/1.0/embedea0a.json]
[127.0.0.1/wordpress/wp-json/oembed/1.0/embed7859]
[127.0.0.1/wordpress/wp-content/uploads/2021/09/cropped-logo-32x32.png]
[127.0.0.1/wordpress/wp-content/uploads/2021/09/cropped-logo-192x192.png]
[127.0.0.1/wordpress/wp-content/uploads/2021/09/cropped-logo-180x180.png]
[127.0.0.1/wordpress/wp-content/uploads/2021/09/logo.png]
[127.0.0.1/wordpress/wp-content/uploads/2017/01/cropps-album-final5.jpg]
[127.0.0.1/wordpress/albums/index.html]
[127.0.0.1/wordpress/wp-content/uploads/2017/01/cropps-album-final8.jpg]
[127.0.0.1/wordpress/info-contact/index.html]
[127.0.0.1/wordpress/wp-content/uploads/2017/01/cropps-album-final2.jpg]
[127.0.0.1/wordpress/blog/index.html]
[127.0.0.1/wordpress/wp-content/uploads/2017/01/cropps-album-final4.jpg]
[127.0.0.1/wordpress/wp-content/uploads/2017/01/cropps-album-final3.jpg]
[127.0.0.1/wordpress/wp-content/uploads/2017/01/cropps-album-final1.jpg]
[127.0.0.1/wordpress/wp-content/uploads/2018/02/cropps-photo4.jpg]
[127.0.0.1/wordpress/wp-content/uploads/2018/02/cropps-photo3.jpg]
[127.0.0.1/wordpress/wp-content/uploads/2018/02/cropps-photo5.jpg]
[127.0.0.1/wordpress/wp-content/uploads/2018/02/cropps-photo6.jpg]
[127.0.0.1/wordpress/wp-content/uploads/2018/02/worldmap-cropps.png]
[127.0.0.1/wordpress/wp-content/uploads/2018/02/cropps-free-about3.jpg]
[127.0.0.1/wordpress/wp-content/uploads/2018/02/camera.jpg]
[127.0.0.1/wordpress/wp-content/uploads/2018/02/events.jpg]
[127.0.0.1/wordpress/wp-content/uploads/2018/02/social.jpg]
[127.0.0.1/wordpress/wp-content/uploads/2018/02/thinking.jpg]
[127.0.0.1/wordpress/wp-content/uploads/apollo13_images/cropps-album-final7-75lzklnb7akysx0aony0y625oyo0lv9mgq.jpg]
[127.0.0.1/wordpress/wp-content/uploads/apollo13_images/cropps-album-final4-75lzkkbkvn1mxq4at77s9k5t3xmus21q7u.jpg]
[127.0.0.1/wordpress/wp-content/uploads/apollo13_images/cropps-album-final1-75lzkjixvuiu7t6pabku970srbeyhdbe2i.jpg]
[127.0.0.1/wordpress/wp-content/uploads/apollo13_images/cropps-album-final8-75lzklwuv838djzhuyhoaaftt62ndfieii.jpg]
[127.0.0.1/wordpress/album/fullscreen/index.html]
[127.0.0.1/wordpress/album/fullscreen3/index.html]
[127.0.0.1/wordpress/wp-content/uploads/apollo13_images/cropps-album-final6-75lzkldrjd2p8a13idedm1ohkr9dub0uey.jpg]
[127.0.0.1/wordpress/album/fullscreen2/index.html]
[127.0.0.1/wordpress/album/fullscreen4/index.html]
[127.0.0.1/wordpress/wp-content/uploads/apollo13_images/cropps-album-final5-75lzkkuo7i26302p5sb2xsx5ccg4b6jabe.jpg]
[127.0.0.1/wordpress/album/gallery4/index.html]
[127.0.0.1/wordpress/album/gallery3/index.html]
[127.0.0.1/wordpress/wp-content/uploads/elementor/thumbs/Company_Logos3-pd5jkzx1qn0wmnk5ykigeuju68ax6wlciabu9ywe10.png]
[127.0.0.1/wordpress/wp-content/uploads/elementor/thumbs/Company_Logos4-pd5jkzx1qn0wmnk5ykigeuju68ax6wlciabu9ywe10.png]
[127.0.0.1/wordpress/wp-content/uploads/elementor/thumbs/Company_Logos5-pd5jkzx1qn0wmnk5ykigeuju68ax6wlciabu9ywe10.png]
[127.0.0.1/wordpress/wp-content/uploads/elementor/thumbs/Company_Logos6-pd5jl0uvxh26y9ist2x2zcbarm6aelp2uezbr8uzus.png]
[127.0.0.1/wordpress/wp-content/uploads/elementor/thumbs/Company_Logos7-pd5jl0uvxh26y9ist2x2zcbarm6aelp2uezbr8uzus.png]
[127.0.0.1/wordpress/wp-content/plugins/elementor/assets/lib/animations/animations.minedb1.css]
[127.0.0.1/wordpress/wp-content/themes/rife-free/js/helpers.min164b.js]
[127.0.0.1/wordpress/wp-content/themes/rife-free/js/jquery.fitvids.min4963.js]
[127.0.0.1/wordpress/wp-content/themes/rife-free/js/jquery.fittext.min62ea.js]
[127.0.0.1/wordpress/wp-content/themes/rife-free/js/jquery.slides.min459e.js]
[127.0.0.1/wordpress/wp-content/themes/rife-free/js/jquery.sticky-kit.mincfa9.js]
[127.0.0.1/wordpress/wp-content/themes/rife-free/js/jquery.mousewheel.mina9d5.js]
[127.0.0.1/wordpress/wp-content/themes/rife-free/js/typed.min8daf.js]
[127.0.0.1/wordpress/wp-content/themes/rife-free/js/isotope.pkgd.min7c45.js]
[127.0.0.1/wordpress/wp-includes/js/wp-embed.minf658.js]
[127.0.0.1/wordpress/wp-content/plugins/searchwp-live-ajax-search/assets/javascript/dist/script.min51a2.js]
[127.0.0.1/wordpress/wp-content/themes/rife-free/js/light-gallery/js/lightgallery-all.min8162.js]
[127.0.0.1/wordpress/wp-content/plugins/elementor/assets/lib/jquery-numerator/jquery-numerator.min3958.js]
[127.0.0.1/wordpress/wp-content/plugins/apollo13-framework-extensions/assets/js/anime.min324d.js]
[127.0.0.1/wordpress/wp-content/plugins/elementor/assets/js/webpack.runtime.minedb1.js]
[127.0.0.1/wordpress/wp-content/plugins/apollo13-framework-extensions/assets/js/a13-slider.minf5a9.js]
[127.0.0.1/wordpress/wp-content/themes/rife-free/js/script.min164b.js]
[127.0.0.1/wordpress/wp-content/plugins/elementor/assets/js/frontend-modules.minedb1.js]
[127.0.0.1/wordpress/wp-content/plugins/elementor/assets/lib/waypoints/waypoints.min05da.js]
[127.0.0.1/wordpress/wp-includes/js/jquery/ui/core.min35d0.js]
[127.0.0.1/wordpress/wp-content/plugins/elementor/assets/lib/share-link/share-link.minedb1.js]
[127.0.0.1/wordpress/wp-content/plugins/elementor/assets/lib/dialog/dialog.mina288.js]
[127.0.0.1/wordpress/wp-content/plugins/elementor/assets/js/frontend.minedb1.js]
[127.0.0.1/wordpress/wp-content/plugins/elementor/assets/js/preloaded-modules.minedb1.js]
[127.0.0.1/wordpress/wp-includes/js/wp-util.minf658.js]
[127.0.0.1/wordpress/wp-includes/js/underscore.min0028.js]
[127.0.0.1/wordpress/index.html]
[127.0.0.1/wordpress/wp-content/plugins/wpforms-lite/assets/js/integrations/elementor/frontend.min544c.js]
[127.0.0.1/wordpress/wp-includes/css/dist/block-library/style.minf658.css]
[127.0.0.1/wordpress/wp-content/plugins/elementor/assets/lib/swiper/swiper.min48f5.js]
[127.0.0.1/wordpress/wp-content/plugins/elementor/assets/lib/eicons/fonts/eicons02d6.eot]
[127.0.0.1/wordpress/wp-content/plugins/elementor/assets/lib/eicons/fonts/eicons02d6.woff2]
[127.0.0.1/wordpress/wp-content/plugins/elementor/assets/lib/eicons/fonts/eicons02d6.woff]
[127.0.0.1/wordpress/wp-content/plugins/elementor/assets/lib/eicons/fonts/eicons02d6.ttf]
[127.0.0.1/wordpress/wp-content/plugins/elementor/assets/lib/eicons/css/elementor-icons.minb683.css]
[127.0.0.1/wordpress/wp-content/plugins/elementor/assets/css/frontend.minedb1.css]
[127.0.0.1/wordpress/wp-content/uploads/elementor/css/post-118980676.css]
[127.0.0.1/wordpress/wp-content/uploads/elementor/css/global0676.css]
[127.0.0.1/wordpress/wp-content/uploads/2018/02/cropps-BG2.jpg]
[127.0.0.1/wordpress/wp-content/uploads/elementor/css/post-87540676.css]
[127.0.0.1/wordpress/wp-content/themes/rife-free/js/light-gallery/css/lg-transitions.min8162.css]
[127.0.0.1/wordpress/wp-content/themes/rife-free/js/light-gallery/fonts/lg8306.ttf]
[127.0.0.1/wordpress/wp-content/themes/rife-free/js/light-gallery/fonts/lg8306.woff]
[127.0.0.1/wordpress/wp-content/themes/rife-free/js/light-gallery/img/vimeo-play.png]
[127.0.0.1/wordpress/wp-content/themes/rife-free/js/light-gallery/img/video-play.png]
[127.0.0.1/wordpress/wp-content/themes/rife-free/js/light-gallery/img/youtube-play.png]
[127.0.0.1/wordpress/wp-content/themes/rife-free/js/light-gallery/img/loading.gif]
[127.0.0.1/wordpress/wp-content/themes/rife-free/js/light-gallery/css/lightgallery.min8162.css]
[127.0.0.1/wordpress/wp-content/plugins/elementor/assets/lib/font-awesome/fonts/fontawesome-webfont3e6e.eot]
[127.0.0.1/wordpress/wp-content/plugins/elementor/assets/lib/font-awesome/fonts/fontawesome-webfontd41d.eot]
[127.0.0.1/wordpress/wp-content/plugins/elementor/assets/lib/font-awesome/fonts/fontawesome-webfont3e6e.woff2]
[127.0.0.1/wordpress/wp-content/plugins/elementor/assets/lib/font-awesome/fonts/fontawesome-webfont3e6e.woff]
[127.0.0.1/wordpress/wp-content/plugins/elementor/assets/lib/font-awesome/fonts/fontawesome-webfont3e6e.ttf]
[127.0.0.1/wordpress/wp-content/plugins/elementor/assets/lib/font-awesome/css/font-awesome.min1849.css]
[127.0.0.1/wordpress/wp-content/themes/rife-free/fonts/a13-icomoon8e69.ttf]
[127.0.0.1/wordpress/wp-content/themes/rife-free/fonts/a13-icomoon8e69.woff]
[127.0.0.1/wordpress/wp-content/themes/rife-free/css/icomoon164b.css]
[127.0.0.1/wordpress/wp-content/themes/rife-free/images/author.png]
[127.0.0.1/wordpress/wp-content/themes/rife-free/images/ie9saver.gif]
[127.0.0.1/wordpress/wp-content/themes/rife-free/images/ajax-loader.gif]
[127.0.0.1/wordpress/wp-content/themes/rife-free/images/overlays/pattern.png]
[127.0.0.1/wordpress/wp-content/themes/rife-free/images/overlays/pattern2.png]
[127.0.0.1/wordpress/wp-content/themes/rife-free/images/overlays/pattern3.png]
[127.0.0.1/wordpress/wp-content/themes/rife-free/images/overlays/pattern4.png]
[127.0.0.1/wordpress/wp-content/themes/rife-free/images/overlays/pattern5.png]
[127.0.0.1/wordpress/wp-content/themes/rife-free/images/apollo13.png]
[127.0.0.1/wordpress/wp-content/themes/rife-free/style164b.css]
[127.0.0.1/wordpress/wp-content/uploads/apollo13_framework_files/css/user69bb.css]
[127.0.0.1/wordpress/wp-content/plugins/elementor/assets/lib/font-awesome/webfonts/fa-brands-400.eot]
[127.0.0.1/wordpress/wp-content/plugins/elementor/assets/lib/font-awesome/webfonts/fa-brands-400.woff2]
[127.0.0.1/wordpress/wp-content/plugins/elementor/assets/lib/font-awesome/webfonts/fa-brands-400.woff]
[127.0.0.1/wordpress/wp-content/plugins/elementor/assets/lib/font-awesome/webfonts/fa-brands-400d41d.eot]
[127.0.0.1/wordpress/wp-content/plugins/elementor/assets/lib/font-awesome/webfonts/fa-brands-400.ttf]
[127.0.0.1/wordpress/wp-content/plugins/elementor/assets/lib/font-awesome/webfonts/fa-regular-400.eot]
[127.0.0.1/wordpress/wp-content/plugins/elementor/assets/lib/font-awesome/webfonts/fa-regular-400.woff2]
[127.0.0.1/wordpress/wp-content/plugins/elementor/assets/lib/font-awesome/webfonts/fa-regular-400d41d.eot]
[127.0.0.1/wordpress/wp-content/plugins/elementor/assets/lib/font-awesome/webfonts/fa-regular-400.woff]
[127.0.0.1/wordpress/wp-content/plugins/elementor/assets/lib/font-awesome/webfonts/fa-regular-400.ttf]
[127.0.0.1/wordpress/wp-content/plugins/elementor/assets/lib/font-awesome/webfonts/fa-solid-900.eot]
[127.0.0.1/wordpress/wp-content/plugins/elementor/assets/lib/font-awesome/webfonts/fa-solid-900.woff2]
[127.0.0.1/wordpress/wp-content/plugins/elementor/assets/lib/font-awesome/webfonts/fa-solid-900d41d.eot]
[127.0.0.1/wordpress/wp-content/plugins/elementor/assets/lib/font-awesome/webfonts/fa-solid-900.woff]
[127.0.0.1/wordpress/wp-content/plugins/elementor/assets/lib/font-awesome/webfonts/fa-solid-900.ttf]
[127.0.0.1/wordpress/wp-content/plugins/elementor/assets/lib/font-awesome/css/all.minedb1.css]
[127.0.0.1/wordpress/wp-content/plugins/elementor/assets/lib/font-awesome/css/v4-shims.minedb1.css]
[127.0.0.1/wordpress/wp-content/plugins/elementor/assets/lib/font-awesome/css/fontawesome.min52d5.css]
[127.0.0.1/wordpress/wp-content/plugins/elementor/assets/lib/font-awesome/css/solid.min52d5.css]
[127.0.0.1/wordpress/wp-json/wp/v2/pages/2.json]
[127.0.0.1/wordpress/albums/feed/index.html]
[127.0.0.1/wordpress/wp-json/oembed/1.0/embed0c85.json]
[127.0.0.1/wordpress/wp-json/oembed/1.0/embed8a19]
[127.0.0.1/wordpress/wp-content/uploads/apollo13_images/cropps-album-final7-5irus49blsobtz1qchiudo933g28xqf3vcye.jpg]
[127.0.0.1/wordpress/wp-content/uploads/apollo13_images/cropps-album-final4-5irus38hqkyiwcmdjzi5ggoshvxknubgjm1i.jpg]
[127.0.0.1/wordpress/wp-content/uploads/apollo13_images/cropps-album-final1-5irus2me7uq8qkrka33c3qjtc5gdapggy5w6.jpg]
[127.0.0.1/wordpress/wp-content/uploads/apollo13_images/cropps-album-final8-5irus4gos1f37wc03sbs5wyqtcvze41fqic6.jpg]
[127.0.0.1/wordpress/wp-content/uploads/apollo13_images/cropps-album-final6-5irus41yfjxkg1rgl6pwlfjfdj8ihcss07km.jpg]
[127.0.0.1/wordpress/wp-content/uploads/apollo13_images/cropps-album-final5-5irus3n832g1o76x2l410y43xpl1klk49wt2.jpg]
[127.0.0.1/wordpress/wp-content/uploads/apollo13_images/cropps-album-final3-5irus314kc7rifc3sop7o7z4rz3u7gp4ognq.jpg]
[127.0.0.1/wordpress/wp-content/uploads/apollo13_images/cropps-album-final2-5irus2tre3h04i1u1dw9vz9h22a3r32stb9y.jpg]
[127.0.0.1/wordpress/album/gallery2/index.html]
[127.0.0.1/wordpress/wp-content/uploads/apollo13_images/cropps-BG2-5irus1sxivr76vmh8vvkyrp6gi5fh6z5hkd2.jpg]
[127.0.0.1/wordpress/albums/index.html]
[127.0.0.1/wordpress/album/uncover/index.html]
[127.0.0.1/wordpress/wp-content/plugins/wpforms-lite/assets/css/wpforms-base.min544c.css]
[127.0.0.1/wordpress/wp-content/uploads/elementor/css/post-11095a95b.css]
[127.0.0.1/wordpress/wp-json/wp/v2/pages/11095.json]
[127.0.0.1/wordpress/wp-json/oembed/1.0/embedc1fb.json]
[127.0.0.1/wordpress/album/gallery1/index.html]
[127.0.0.1/wordpress/wp-json/oembed/1.0/embedc14c]
[127.0.0.1/wordpress/wp-content/uploads/2018/02/cropps-free-about5.jpg]
[127.0.0.1/wordpress/wp-content/plugins/wpforms-lite/assets/js/mailcheck.mincfa9.js]
[127.0.0.1/wordpress/wp-content/plugins/wpforms-lite/assets/js/punycode.min8a54.js]
[127.0.0.1/wordpress/info-contact/index.html]
[127.0.0.1/wordpress/wp-content/plugins/wpforms-lite/assets/js/jquery.validate.minb3a6.js]
[127.0.0.1/wordpress/wp-content/uploads/apollo13_images/cropps-album-final2-75lzkjsgsk5ofvfqd4epmbkp5fe89r0u62.jpg]
[127.0.0.1/wordpress/night-colors/index.html]
[127.0.0.1/wordpress/wp-content/uploads/apollo13_images/cropps-album-final8-75lzklwu407t0z9brgrwbam232nae8z2hi.jpg]
[127.0.0.1/wordpress/wp-content/plugins/wpforms-lite/assets/js/wpforms544c.js]
[127.0.0.1/wordpress/north-pole/index.html]
[127.0.0.1/wordpress/wp-content/uploads/apollo13_images/cropps-album-final5-75lzkkunga6qqfcj2alayt3dm90rbzzwwe.jpg]
[127.0.0.1/wordpress/wp-content/uploads/apollo13_images/cropps-album-final3-75lzkk20ghny0iexjeycyfyd9msv1b9kae.jpg]
[127.0.0.1/wordpress/lost-paradise/index.html]
[127.0.0.1/wordpress/wp-content/uploads/apollo13_images/cropps-album-final6-75lzkldqs579vpaxevoln1upunu0v4hd7u.jpg]
[127.0.0.1/wordpress/wp-content/uploads/apollo13_images/cropps-album-final7-75lzklnag2pjgca4l688z68dyv8nmoq6ci.jpg]
[127.0.0.1/wordpress/black-coffee/index.html]
[127.0.0.1/wordpress/fruit-boom/index.html]
[127.0.0.1/wordpress/wp-content/uploads/apollo13_images/cropps-album-final4-75lzkkbk4f67l5e4ppi0akc1du7hsvie6u.jpg]
[127.0.0.1/wordpress/adventure-trip/index.html]
[127.0.0.1/wordpress/last-shoot/index.html]
[127.0.0.1/wordpress/wp-content/uploads/apollo13_images/cropps-album-final1-75lzkjix4mnev8gj6tv2a77117zli6s16y.jpg]
[127.0.0.1/wordpress/blog/index.html]
[127.0.0.1/wordpress/last-day-in-vegas/index.html]
[127.0.0.1/wordpress/wp-json/wp/v2/album/8341.json]
[127.0.0.1/wordpress/wp-json/oembed/1.0/embedb2a2.json]
[127.0.0.1/wordpress/album/fullscreen/index.html]
[127.0.0.1/wordpress/wp-json/oembed/1.0/embed124c]
[127.0.0.1/wordpress/wp-json/wp/v2/album/8413.json]
[127.0.0.1/wordpress/wp-json/oembed/1.0/embed315f.json]
[127.0.0.1/wordpress/wp-content/uploads/2017/01/cropps-album-final7.jpg]
[127.0.0.1/wordpress/wp-json/oembed/1.0/embedb5a1]
[127.0.0.1/wordpress/wp-content/uploads/2017/01/cropps-album-final6.jpg]
[127.0.0.1/wordpress/album/fullscreen2/index.html]
[127.0.0.1/wordpress/wp-json/wp/v2/album/8412.json]
[127.0.0.1/wordpress/wp-json/oembed/1.0/embed778a.json]
[127.0.0.1/wordpress/album/fullscreen3/index.html]
[127.0.0.1/wordpress/wp-json/oembed/1.0/embed259c]
[127.0.0.1/wordpress/wp-json/wp/v2/album/8414.json]
[127.0.0.1/wordpress/wp-json/oembed/1.0/embed8ff4]
[127.0.0.1/wordpress/album/fullscreen4/index.html]
[127.0.0.1/wordpress/wp-json/oembed/1.0/embed14f5]
[127.0.0.1/wordpress/wp-json/wp/v2/album/8403.json]
[127.0.0.1/wordpress/wp-json/oembed/1.0/embed9e10.json]
[127.0.0.1/wordpress/wp-json/oembed/1.0/embed9742]
[127.0.0.1/wordpress/wp-includes/js/mediaelement/mediaelement-migrate.minf658.js]
[127.0.0.1/wordpress/album/gallery4/index.html]
[127.0.0.1/wordpress/wp-json/wp/v2/album/8402.json]
[127.0.0.1/wordpress/wp-json/oembed/1.0/embeda100.json]
[127.0.0.1/wordpress/wp-json/oembed/1.0/embed5923]
[127.0.0.1/wordpress/album/gallery3/index.html]
[127.0.0.1/wordpress/wp-content/uploads/2018/02/face-free.html]
[127.0.0.1/wordpress/wp-content/uploads/2018/02/face-free5.html]
[127.0.0.1/wordpress/wp-content/uploads/2018/02/face-free7.html]
[127.0.0.1/wordpress/wp-content/plugins/elementor/assets/lib/animations/animations.minedb1.css]
[127.0.0.1/wordpress/wp-content/plugins/elementor/assets/lib/eicons/fonts/eicons02d6.svg]
[127.0.0.1/wordpress/wp-content/themes/rife-free/js/light-gallery/fonts/lg8306.svg]
[127.0.0.1/wordpress/wp-content/plugins/elementor/assets/lib/font-awesome/fonts/fontawesome-webfont3e6e.svg]
[127.0.0.1/wordpress/wp-content/themes/rife-free/fonts/a13-icomoon8e69.svg]
[127.0.0.1/wordpress/wp-includes/js/mediaelement/mediaelement-and-player.min08e1.js]
[127.0.0.1/wordpress/wp-content/plugins/elementor/assets/lib/font-awesome/webfonts/fa-brands-400.svg]
[127.0.0.1/wordpress/wp-content/plugins/elementor/assets/lib/font-awesome/webfonts/fa-regular-400.svg]
[127.0.0.1/wordpress/wp-content/plugins/elementor/assets/lib/font-awesome/webfonts/fa-solid-900.svg]
[127.0.0.1/wordpress/index905b.html]
[127.0.0.1/wordpress/xmlrpc.php]
[127.0.0.1/wordpress/wp-json/wp/v2/album/8401.json]
[127.0.0.1/wordpress/wp-json/oembed/1.0/embed0ee8.json]
[127.0.0.1/wordpress/album/gallery2/index.html]
[127.0.0.1/wordpress/wp-json/oembed/1.0/embeda0cb]
[127.0.0.1/wordpress/wp-json/wp/v2/album/8375.json]
[127.0.0.1/wordpress/genre/gallery/index.html]
[127.0.0.1/wordpress/wp-json/oembed/1.0/embedf0d8.json]
[127.0.0.1/wordpress/genre/model/index.html]
[127.0.0.1/wordpress/wp-json/oembed/1.0/embed9f9d]
[127.0.0.1/wordpress/album/gallery1/index.html]
[127.0.0.1/wordpress/wp-json/wp/v2/album/8468.json]
[127.0.0.1/wordpress/genre/studio/index.html]
[127.0.0.1/wordpress/wp-json/oembed/1.0/embed8143.json]
[127.0.0.1/wordpress/wp-json/oembed/1.0/embedfbd5]
[127.0.0.1/wordpress/album/uncover/index.html]
[127.0.0.1/wordpress/wp-content/plugins/wpforms-lite/assets/css/wpforms-base.min544c.css]
[127.0.0.1/wordpress/wp-content/uploads/elementor/css/post-11095a95b.css]
[127.0.0.1/wordpress/indexc2c1.html]
[127.0.0.1/wordpress/wp-json/wp/v2/posts/2359.json]
[127.0.0.1/wordpress/night-colors/feed/index.html]
[127.0.0.1/wordpress/wp-json/oembed/1.0/embed709a.json]
[127.0.0.1/wordpress/wp-json/oembed/1.0/embed7f48]
[127.0.0.1/wordpress/wp-content/uploads/apollo13_images/cropps-album-final8-75lzklwticsfehls8t4wuqlphbfclxojxm.jpg]
[127.0.0.1/wordpress/wp-login.html]
[127.0.0.1/wordpress/night-colors/index.html]
[127.0.0.1/wordpress/wp-includes/js/comment-reply.minf658.js]
[127.0.0.1/wordpress/author/ishak/index.html]
[127.0.0.1/wordpress/night-colors/index0e22.html]
[127.0.0.1/wordpress/wp-json/wp/v2/posts/2399.json]
[127.0.0.1/wordpress/wp-json/oembed/1.0/embed1289.json]
[127.0.0.1/wordpress/night-colors/index8e42.html]
[127.0.0.1/wordpress/night-colors/index41b7.html]
[127.0.0.1/wordpress/wp-content/uploads/apollo13_images/cropps-album-final5-75lzkkumumrd3xozjmybi9310hstjopfqi.jpg]
[127.0.0.1/wordpress/night-colors/index3094.html]
[127.0.0.1/wordpress/wp-content/uploads/apollo13_images/cropps-album-final2-75lzkjsg6wqatds6ugrq5rkcjo6ahfqbje.jpg]
[127.0.0.1/wordpress/night-colors/index21b4.html]
[127.0.0.1/wordpress/wp-json/oembed/1.0/embedb065]
[127.0.0.1/wordpress/north-pole/index.html]
[127.0.0.1/wordpress/category/lifestyle/index.html]
[127.0.0.1/wordpress/night-colors/index267f.html]
[127.0.0.1/wordpress/category/people/index.html]
[127.0.0.1/wordpress/category/news/index.html]
[127.0.0.1/wordpress/category/others/index.html]
[127.0.0.1/wordpress/category/post/index.html]
[127.0.0.1/wordpress/category/wordpress/index.html]
[127.0.0.1/wordpress/wp-json/wp/v2/posts/2397.json]
[127.0.0.1/wordpress/tag/agency/index.html]
[127.0.0.1/wordpress/tag/apollo13/index.html]
[127.0.0.1/wordpress/wp-json/oembed/1.0/embedabad.json]
[127.0.0.1/wordpress/tag/information/index.html]
[127.0.0.1/wordpress/tag/popular/index.html]
[127.0.0.1/wordpress/tag/wordpress/index.html]
[127.0.0.1/wordpress/wp-json/oembed/1.0/embed2e7a]
[127.0.0.1/wordpress/north-pole/feed/index.html]
[127.0.0.1/wordpress/wp-content/uploads/apollo13_images/cropps-album-final3-75lzkk1zuu8ke0re0rbdhvy0nvkx8zz3l6.jpg]
[127.0.0.1/wordpress/lost-paradise/index.html]
[127.0.0.1/wordpress/wp-json/wp/v2/posts/2374.json]
[127.0.0.1/wordpress/north-pole/index6944.html]
[127.0.0.1/wordpress/north-pole/indexfa40.html]
[127.0.0.1/wordpress/wp-json/oembed/1.0/embeda655.json]
[127.0.0.1/wordpress/north-pole/indexa858.html]
[127.0.0.1/wordpress/north-pole/index04d3.html]
[127.0.0.1/wordpress/lost-paradise/feed/index.html]
[127.0.0.1/wordpress/wp-json/oembed/1.0/embed1e9e]
[127.0.0.1/wordpress/wp-content/uploads/apollo13_images/cropps-album-final6-75lzkldq6hrw97ndw81m6hud8wm32t6zu2.jpg]
[127.0.0.1/wordpress/black-coffee/index.html]
[127.0.0.1/wordpress/black-coffee/feed/index.html]
[127.0.0.1/wordpress/wp-json/wp/v2/posts/2387.json]
[127.0.0.1/wordpress/wp-json/oembed/1.0/embed9be2.json]
[127.0.0.1/wordpress/fruit-boom/feed/index.html]
[127.0.0.1/wordpress/wp-json/oembed/1.0/embed0b2e]
[127.0.0.1/wordpress/fruit-boom/index.html]
[127.0.0.1/wordpress/wp-content/uploads/apollo13_images/cropps-album-final7-75lzkln9ufa5tuml2il9im81d40pudfrvu.jpg]
[127.0.0.1/wordpress/wp-json/wp/v2/posts/2386.json]
[127.0.0.1/wordpress/adventure-trip/feed/index.html]
[127.0.0.1/wordpress/wp-json/oembed/1.0/embed3790.json]
[127.0.0.1/wordpress/wp-json/oembed/1.0/embedd04e]
[127.0.0.1/wordpress/wp-content/uploads/apollo13_images/cropps-album-final4-75lzkkbjirqtynql71v0u0bos2zk0k7vmy.jpg]
[127.0.0.1/wordpress/adventure-trip/index.html]
[127.0.0.1/wordpress/wp-json/wp/v2/posts/2389.json]
[127.0.0.1/wordpress/last-shoot/feed/index.html]
[127.0.0.1/wordpress/wp-json/oembed/1.0/embedd865.json]
[127.0.0.1/wordpress/wp-json/oembed/1.0/embedb89e]
[127.0.0.1/wordpress/last-shoot/index.html]
[127.0.0.1/wordpress/wp-content/uploads/apollo13_images/cropps-album-final1-75lzkjiwiz818qszo682tn6ofgrnpvhjhm.jpg]
[127.0.0.1/wordpress/wp-json/wp/v2/posts/2384.json]
[127.0.0.1/wordpress/last-day-in-vegas/feed/index.html]
[127.0.0.1/wordpress/wp-json/oembed/1.0/embed1236]
[127.0.0.1/wordpress/wp-json/oembed/1.0/embedd9b9]
[127.0.0.1/wordpress/last-day-in-vegas/index.html]
[127.0.0.1/wordpress/indexc6b4.html]
[127.0.0.1/wordpress/indexd43d.html]
[127.0.0.1/wordpress/index93d8.html]
[127.0.0.1/wordpress/index49f9.html]
[127.0.0.1/wordpress/index20be.html]
[127.0.0.1/wordpress/index82cf.html]
[127.0.0.1/wordpress/index8ea6.html]
[127.0.0.1/wordpress/genre/gallery/index.html]
[127.0.0.1/wordpress/genre/model/index.html]
[127.0.0.1/wordpress/index4bde.html]
[127.0.0.1/wordpress/genre/studio/index.html]
[127.0.0.1/wordpress/index6f92.html]
[127.0.0.1/wordpress/wp-content/plugins/wpforms-lite/assets/images/times-solid-white.svg]
[127.0.0.1/wordpress/index4de4.html]
[127.0.0.1/wordpress/wp-json/wp/v2/users/1.json]
[127.0.0.1/wordpress/author/ishak/index.html]
[127.0.0.1/wordpress/genre/model/feed/index.html]
[127.0.0.1/wordpress/genre/gallery/feed/index.html]
[127.0.0.1/wordpress/genre/studio/feed/index.html]
[127.0.0.1/wordpress/night-colors/index0e22.html]
[127.0.0.1/wordpress/night-colors/index8e42.html]
[127.0.0.1/wordpress/night-colors/index41b7.html]
[127.0.0.1/wordpress/night-colors/index3094.html]
[127.0.0.1/wordpress/night-colors/index21b4.html]
[127.0.0.1/wordpress/night-colors/index267f.html]
[127.0.0.1/wordpress/author/ishak/feed/index.html]
[127.0.0.1/wordpress/wp-json/wp/v2/categories/2.json]
[127.0.0.1/wordpress/category/lifestyle/index.html]
[127.0.0.1/wordpress/category/lifestyle/feed/index.html]
[127.0.0.1/wordpress/wp-json/wp/v2/categories/3.json]
[127.0.0.1/wordpress/category/news/index.html]
[127.0.0.1/wordpress/category/news/feed/index.html]
[127.0.0.1/wordpress/wp-json/wp/v2/categories/4.json]
[127.0.0.1/wordpress/category/others/index.html]
[127.0.0.1/wordpress/category/others/feed/index.html]
[127.0.0.1/wordpress/wp-json/wp/v2/categories/5.json]
[127.0.0.1/wordpress/category/people/index.html]
[127.0.0.1/wordpress/wp-json/wp/v2/categories/6.json]
[127.0.0.1/wordpress/category/post/index.html]
[127.0.0.1/wordpress/category/people/feed/index.html]
[127.0.0.1/wordpress/wp-json/wp/v2/categories/7.json]
[127.0.0.1/wordpress/category/wordpress/index.html]
[127.0.0.1/wordpress/category/post/feed/index.html]
[127.0.0.1/wordpress/wp-includes/css/dashicons.minf658.css]
[127.0.0.1/wordpress/wp-includes/css/buttons.minf658.css]
[127.0.0.1/wordpress/wp-admin/css/forms.minf658.css]
[127.0.0.1/wordpress/category/wordpress/feed/index.html]
[127.0.0.1/wordpress/wp-admin/css/l10n.minf658.css]
[127.0.0.1/wordpress/wp-admin/css/login.minf658.css]
[127.0.0.1/wordpress/wp-content/uploads/2021/09/cropped-logo-270x270.png]
[127.0.0.1/wordpress/wp-loginc2b6.html]
[127.0.0.1/wordpress/wp-includes/js/zxcvbn-async.min5152.js]
[127.0.0.1/wordpress/wp-includes/js/dist/vendor/regenerator-runtime.minb36a.js]
[127.0.0.1/wordpress/wp-includes/js/dist/hooks.mine16b.js]
[127.0.0.1/wordpress/wp-includes/js/dist/vendor/wp-polyfill.min2c7c.js]
[127.0.0.1/wordpress/wp-includes/js/dist/i18n.min71a7.js]
[127.0.0.1/wordpress/wp-admin/js/password-strength-meter.minf658.js]
[127.0.0.1/wordpress/wp-login.html]
[127.0.0.1/wordpress/wp-admin/js/user-profile.minf658.js]
[127.0.0.1/wordpress/wp-json/wp/v2/tags/8.json]
[127.0.0.1/wordpress/tag/agency/index.html]
[127.0.0.1/wordpress/tag/agency/feed/index.html]
[127.0.0.1/wordpress/wp-json/wp/v2/tags/9.json]
[127.0.0.1/wordpress/tag/apollo13/index.html]
[127.0.0.1/wordpress/wp-json/wp/v2/tags/10.json]
[127.0.0.1/wordpress/tag/apollo13/feed/index.html]
[127.0.0.1/wordpress/tag/information/index.html]
[127.0.0.1/wordpress/tag/information/feed/index.html]
[127.0.0.1/wordpress/wp-json/wp/v2/tags/11.json]
[127.0.0.1/wordpress/tag/popular/index.html]
[127.0.0.1/wordpress/wp-json/wp/v2/tags/12.json]
[127.0.0.1/wordpress/tag/popular/feed/index.html]
[127.0.0.1/wordpress/tag/wordpress/index.html]
[127.0.0.1/wordpress/index23e2.html]
[127.0.0.1/wordpress/north-pole/index6944.html]
[127.0.0.1/wordpress/north-pole/indexfa40.html]
[127.0.0.1/wordpress/tag/wordpress/feed/index.html]
[127.0.0.1/wordpress/north-pole/indexa858.html]
[127.0.0.1/wordpress/north-pole/index04d3.html]
[127.0.0.1/wordpress/indexf7ba.html]
[127.0.0.1/wordpress/index9f9d.html]
[127.0.0.1/wordpress/indexa2b2.html]
[127.0.0.1/wordpress/index9210.html]
[127.0.0.1/wordpress/index6081.html]
[127.0.0.1/wordpress/index90ed.html]
[127.0.0.1/wordpress/wp-includes/fonts/dashicons7d4b.eot]
[127.0.0.1/wordpress/wp-includes/fonts/dashicons7d4b.ttf]
[127.0.0.1/wordpress/wp-includes/css/dashicons.minf658.css]
[127.0.0.1/wordpress/wp-includes/css/buttons.minf658.css]
[127.0.0.1/wordpress/wp-admin/css/forms.minf658.css]
[127.0.0.1/wordpress/wp-admin/css/l10n.minf658.css]
[127.0.0.1/wordpress/wp-admin/images/loading.gif]
[127.0.0.1/wordpress/wp-admin/images/w-logo-blue7a53.png]
[127.0.0.1/wordpress/wp-admin/css/login.minf658.css]
[127.0.0.1/wordpress/wp-loginc2b6.html]
[127.0.0.1/wordpress/wp-admin/images/wordpress-logo7d6b.svg]
